=== Watch started Sat Apr 11 20:18:04 EDT 2026 ===

--- Sat Apr 11 20:18:04 EDT 2026 ---
2
root     3391420       1 37 00:17 ?        00:00:05 python3 -u -m code_repair.train_tinker_lcb --reward path_indep --output_dir checkpoints/lcb_path_indep_lcbv5_s42
root     3391421       1 40 00:17 ?        00:00:06 python3 -u -m code_repair.train_tinker_lcb --reward path_dep --output_dir checkpoints/lcb_path_dep_lcbv5_s42

--- Sat Apr 11 20:33:10 EDT 2026 ---
2
root     3402990       1  8 00:21 ?        00:00:56 python3 -u -m code_repair.train_tinker_lcb --reward path_indep --output_dir checkpoints/lcb_path_indep_lcbv5_s42
root     3402991       1  7 00:21 ?        00:00:52 python3 -u -m code_repair.train_tinker_lcb --reward path_dep --output_dir checkpoints/lcb_path_dep_lcbv5_s42

--- Sat Apr 11 20:48:15 EDT 2026 ---
2
root     3402990       1  6 00:21 ?        00:01:42 python3 -u -m code_repair.train_tinker_lcb --reward path_indep --output_dir checkpoints/lcb_path_indep_lcbv5_s42
root     3402991       1  6 00:21 ?        00:01:38 python3 -u -m code_repair.train_tinker_lcb --reward path_dep --output_dir checkpoints/lcb_path_dep_lcbv5_s42
  indep step 1: solve=0.52 disc=19 mast=0 t=836s
  dep step 1: solve=0.52 disc=19 mast=0 t=895s

--- Sat Apr 11 21:03:21 EDT 2026 ---
2
root     3402990       1  7 00:21 ?        00:02:55 python3 -u -m code_repair.train_tinker_lcb --reward path_indep --output_dir checkpoints/lcb_path_indep_lcbv5_s42
root     3402991       1  6 00:21 ?        00:02:52 python3 -u -m code_repair.train_tinker_lcb --reward path_dep --output_dir checkpoints/lcb_path_dep_lcbv5_s42
  indep step 3: solve=0.39 disc=41 mast=0 t=436s
  dep step 3: solve=0.39 disc=43 mast=0 t=569s

--- Sat Apr 11 21:18:28 EDT 2026 ---
2
root     3402990       1  7 00:21 ?        00:04:06 python3 -u -m code_repair.train_tinker_lcb --reward path_indep --output_dir checkpoints/lcb_path_indep_lcbv5_s42
root     3402991       1  7 00:21 ?        00:03:58 python3 -u -m code_repair.train_tinker_lcb --reward path_dep --output_dir checkpoints/lcb_path_dep_lcbv5_s42
  indep step 4: solve=0.30 disc=49 mast=0 t=961s
  dep step 3: solve=0.39 disc=43 mast=0 t=569s

--- Sat Apr 11 21:33:34 EDT 2026 ---
2
root     3402990       1  8 00:21 ?        00:05:47 python3 -u -m code_repair.train_tinker_lcb --reward path_indep --output_dir checkpoints/lcb_path_indep_lcbv5_s42
root     3402991       1  7 00:21 ?        00:05:20 python3 -u -m code_repair.train_tinker_lcb --reward path_dep --output_dir checkpoints/lcb_path_dep_lcbv5_s42
  indep step 5: solve=0.31 disc=58 mast=0 t=491s
  dep step 5: solve=0.31 disc=59 mast=0 t=509s

--- Sat Apr 11 21:48:39 EDT 2026 ---
2
root     3402990       1  8 00:21 ?        00:07:22 python3 -u -m code_repair.train_tinker_lcb --reward path_indep --output_dir checkpoints/lcb_path_indep_lcbv5_s42
root     3402991       1  7 00:21 ?        00:06:45 python3 -u -m code_repair.train_tinker_lcb --reward path_dep --output_dir checkpoints/lcb_path_dep_lcbv5_s42
  indep step 7: solve=0.53 disc=80 mast=1 t=410s
  dep step 6: solve=0.40 disc=67 mast=1 t=760s

--- Sat Apr 11 22:03:44 EDT 2026 ---
2
root     3402990       1  8 00:21 ?        00:08:22 python3 -u -m code_repair.train_tinker_lcb --reward path_indep --output_dir checkpoints/lcb_path_indep_lcbv5_s42
root     3402991       1  8 00:21 ?        00:08:14 python3 -u -m code_repair.train_tinker_lcb --reward path_dep --output_dir checkpoints/lcb_path_dep_lcbv5_s42
  indep step 7: solve=0.53 disc=80 mast=1 t=410s
  dep step 7: solve=0.52 disc=81 mast=1 t=543s

--- Sat Apr 11 22:18:51 EDT 2026 ---
2
root     3402990       1  8 00:21 ?        00:09:33 python3 -u -m code_repair.train_tinker_lcb --reward path_indep --output_dir checkpoints/lcb_path_indep_lcbv5_s42
root     3402991       1  8 00:21 ?        00:09:25 python3 -u -m code_repair.train_tinker_lcb --reward path_dep --output_dir checkpoints/lcb_path_dep_lcbv5_s42
  indep step 9: solve=0.38 disc=98 mast=1 t=465s
  dep step 9: solve=0.37 disc=98 mast=1 t=528s

--- Sat Apr 11 22:33:56 EDT 2026 ---
2
root     3402990       1  7 00:21 ?        00:10:22 python3 -u -m code_repair.train_tinker_lcb --reward path_indep --output_dir checkpoints/lcb_path_indep_lcbv5_s42
root     3402991       1  7 00:21 ?        00:10:14 python3 -u -m code_repair.train_tinker_lcb --reward path_dep --output_dir checkpoints/lcb_path_dep_lcbv5_s42
  indep step 10: solve=0.38 disc=102 mast=3 t=532s
  dep step 10: solve=0.38 disc=104 mast=3 t=426s

--- Sat Apr 11 22:49:01 EDT 2026 ---
2
root     3402990       1  7 00:21 ?        00:10:47 python3 -u -m code_repair.train_tinker_lcb --reward path_indep --output_dir checkpoints/lcb_path_indep_lcbv5_s42
root     3402991       1  7 00:21 ?        00:10:40 python3 -u -m code_repair.train_tinker_lcb --reward path_dep --output_dir checkpoints/lcb_path_dep_lcbv5_s42
  indep step 10: solve=0.38 disc=102 mast=3 t=532s
  dep step 10: solve=0.38 disc=104 mast=3 t=426s

--- Sat Apr 11 23:04:07 EDT 2026 ---
2
root     3402990       1  6 00:21 ?        00:11:12 python3 -u -m code_repair.train_tinker_lcb --reward path_indep --output_dir checkpoints/lcb_path_indep_lcbv5_s42
root     3402991       1  6 00:21 ?        00:11:01 python3 -u -m code_repair.train_tinker_lcb --reward path_dep --output_dir checkpoints/lcb_path_dep_lcbv5_s42
  indep step 11: solve=0.42 disc=115 mast=3 t=1307s
  dep step 11: solve=0.41 disc=115 mast=3 t=1435s

--- Sat Apr 11 23:19:12 EDT 2026 ---
2
root     3402990       1  7 00:21 ?        00:12:41 python3 -u -m code_repair.train_tinker_lcb --reward path_indep --output_dir checkpoints/lcb_path_indep_lcbv5_s42
root     3402991       1  6 00:21 ?        00:12:14 python3 -u -m code_repair.train_tinker_lcb --reward path_dep --output_dir checkpoints/lcb_path_dep_lcbv5_s42
  indep step 12: solve=0.48 disc=121 mast=5 t=608s
  dep step 12: solve=0.48 disc=121 mast=5 t=863s

--- Sat Apr 11 23:34:18 EDT 2026 ---
2
root     3402990       1  7 00:21 ?        00:14:21 python3 -u -m code_repair.train_tinker_lcb --reward path_indep --output_dir checkpoints/lcb_path_indep_lcbv5_s42
root     3402991       1  7 00:21 ?        00:13:35 python3 -u -m code_repair.train_tinker_lcb --reward path_dep --output_dir checkpoints/lcb_path_dep_lcbv5_s42
  indep step 13: solve=0.38 disc=133 mast=7 t=813s
  dep step 13: solve=0.38 disc=133 mast=7 t=804s
23:41 procs=2 | indep | 14 | 0.32 | 0.76 | 139 | 8 | 22/32 | 81 | 626s |
| dep | 13 | 0.38 | 0.89 | 133 | 7 | 26/32 | 98 | 804s |
23:56 procs=2 | indep | 15 | 0.42 | 0.92 | 143 | 12 | 25/32 | 107 | 821s |
| dep | 15 | 0.41 | 0.92 | 143 | 13 | 26/32 | 104 | 653s |
00:11 procs=2 | indep | 16 | 0.43 | 0.98 | 152 | 14 | 26/32 | 111 | 568s |
| dep | 16 | 0.43 | 1.03 | 152 | 15 | 26/32 | 110 | 795s |
00:26 procs=2 | indep | 17 | 0.50 | 1.08 | 164 | 14 | 26/32 | 128 | 937s |
| dep | 17 | 0.49 | 1.08 | 164 | 15 | 25/32 | 125 | 629s |
00:41 procs=2 | indep | 19 | 0.41 | 0.89 | 178 | 21 | 28/32 | 106 | 300s |
| dep | 19 | 0.42 | 0.92 | 178 | 20 | 30/32 | 108 | 311s |
00:56 procs=2 | indep | 20 | 0.25 | 0.60 | 180 | 22 | 24/32 | 65 | 1055s |
| dep | 20 | 0.26 | 0.64 | 180 | 21 | 25/32 | 66 | 972s |
01:11 procs=2 | indep | 20 | 0.25 | 0.60 | 180 | 22 | 24/32 | 65 | 1055s |
| dep | 20 | 0.26 | 0.64 | 180 | 21 | 25/32 | 66 | 972s |
01:27 procs=2 | indep | 21 | 0.45 | 0.99 | 185 | 25 | 25/32 | 116 | 730s |
| dep | 21 | 0.44 | 1.01 | 184 | 24 | 25/32 | 113 | 768s |
01:42 procs=2 | indep | 22 | 0.41 | 0.91 | 189 | 28 | 27/32 | 104 | 882s |
| dep | 23 | 0.42 | 1.00 | 194 | 28 | 24/32 | 108 | 568s |
01:57 procs=2 | indep | 23 | 0.43 | 0.96 | 195 | 30 | 26/32 | 110 | 656s |
| dep | 24 | 0.40 | 0.97 | 203 | 29 | 27/32 | 102 | 772s |
02:12 procs=2 | indep | 24 | 0.41 | 0.93 | 204 | 30 | 26/32 | 104 | 809s |
| dep | 25 | 0.56 | 1.32 | 214 | 33 | 22/32 | 144 | 603s |
02:27 procs=2 | indep | 25 | 0.56 | 1.26 | 215 | 33 | 22/32 | 143 | 780s |
| dep | 26 | 0.47 | 1.07 | 221 | 39 | 25/32 | 121 | 902s |
02:42 procs=2 | indep | 27 | 0.29 | 0.62 | 226 | 42 | 29/32 | 73 | 588s |
| dep | 27 | 0.28 | 0.64 | 225 | 42 | 29/32 | 71 | 633s |
02:57 procs=2 | indep | 28 | 0.36 | 0.84 | 232 | 43 | 24/32 | 92 | 623s |
| dep | 28 | 0.36 | 0.94 | 230 | 43 | 26/32 | 91 | 1428s |
03:12 procs=2 | indep | 30 | 0.41 | 0.95 | 236 | 49 | 26/32 | 106 | 582s |
| dep | 30 | 0.42 | 1.03 | 234 | 49 | 22/32 | 108 | 604s |
03:28 procs=2 | indep | 30 | 0.41 | 0.95 | 236 | 49 | 26/32 | 106 | 582s |
| dep | 30 | 0.42 | 1.03 | 234 | 49 | 22/32 | 108 | 604s |
03:43 procs=2 | indep | 31 | 0.44 | 0.99 | 242 | 50 | 26/32 | 113 | 795s |
| dep | 30 | 0.42 | 1.03 | 234 | 49 | 22/32 | 108 | 604s |
03:58 procs=2 | indep | 33 | 0.38 | 0.87 | 247 | 61 | 27/32 | 96 | 576s |
| dep | 32 | 0.47 | 1.08 | 242 | 55 | 28/32 | 120 | 460s |
04:13 procs=2 | indep | 34 | 0.35 | 0.76 | 249 | 69 | 29/32 | 89 | 661s |
| dep | 33 | 0.37 | 0.91 | 244 | 61 | 27/32 | 94 | 616s |
04:28 procs=2 | indep | 35 | 0.22 | 0.54 | 250 | 73 | 25/32 | 57 | 1237s |
| dep | 34 | 0.33 | 0.74 | 246 | 68 | 28/32 | 85 | 796s |
04:43 procs=2 | indep | 35 | 0.22 | 0.54 | 250 | 73 | 25/32 | 57 | 1237s |
| dep | 35 | 0.25 | 0.63 | 248 | 72 | 24/32 | 63 | 1132s |
04:58 procs=2 | indep | 37 | 0.38 | 0.88 | 258 | 78 | 27/32 | 98 | 421s |
| dep | 35 | 0.25 | 0.63 | 248 | 72 | 24/32 | 63 | 1132s |
05:14 procs=2 | indep | 39 | 0.34 | 0.76 | 260 | 87 | 28/32 | 88 | 394s |
| dep | 37 | 0.39 | 0.93 | 255 | 76 | 26/32 | 99 | 538s |
05:29 procs=2 | indep | 40 | 0.43 | 0.94 | 265 | 90 | 26/32 | 109 | 422s |
| dep | 39 | 0.34 | 0.78 | 257 | 85 | 27/32 | 87 | 454s |
05:44 procs=2 | indep | 40 | 0.43 | 0.94 | 265 | 90 | 26/32 | 109 | 422s |
| dep | 40 | 0.44 | 1.02 | 263 | 88 | 23/32 | 113 | 568s |
05:59 procs=2 | indep | 41 | 0.37 | 0.83 | 265 | 92 | 25/32 | 94 | 780s |
| dep | 40 | 0.44 | 1.02 | 263 | 88 | 23/32 | 113 | 568s |
06:14 procs=2 | indep | 42 | 0.42 | 0.94 | 267 | 93 | 23/32 | 108 | 922s |
| dep | 40 | 0.44 | 1.02 | 263 | 88 | 23/32 | 113 | 568s |
06:29 procs=2 | indep | 43 | 0.54 | 1.16 | 269 | 96 | 24/32 | 137 | 1430s |
| dep | 40 | 0.44 | 1.02 | 263 | 88 | 23/32 | 113 | 568s |
06:44 procs=2 | indep | 43 | 0.54 | 1.16 | 269 | 96 | 24/32 | 137 | 1430s |
| dep | 41 | 0.36 | 0.89 | 263 | 90 | 22/32 | 92 | 2239s |
06:59 procs=2 | indep | 44 | 0.37 | 0.82 | 272 | 99 | 28/32 | 94 | 1472s |
| dep | 42 | 0.41 | 0.95 | 266 | 91 | 23/32 | 104 | 766s |
07:15 procs=2 | indep | 45 | 0.58 | 1.25 | 273 | 105 | 26/32 | 148 | 1046s |
| dep | 43 | 0.56 | 1.21 | 268 | 94 | 25/32 | 143 | 1199s |
07:30 procs=2 | indep | 45 | 0.58 | 1.25 | 273 | 105 | 26/32 | 148 | 1046s |
| dep | 44 | 0.36 | 0.89 | 272 | 97 | 26/32 | 92 | 1158s |
07:45 procs=2 | indep | 46 | 0.37 | 0.83 | 275 | 108 | 25/32 | 95 | 1426s |
| dep | 44 | 0.36 | 0.89 | 272 | 97 | 26/32 | 92 | 1158s |
08:00 procs=2 | indep | 47 | 0.39 | 0.87 | 279 | 109 | 25/32 | 100 | 1371s |
| dep | 45 | 0.59 | 1.27 | 273 | 103 | 28/32 | 150 | 1158s |
08:15 procs=2 | indep | 48 | 0.39 | 0.87 | 281 | 116 | 26/32 | 100 | 534s |
| dep | 46 | 0.38 | 0.87 | 274 | 106 | 25/32 | 96 | 1331s |
08:30 procs=2 | indep | 49 | 0.45 | 1.01 | 281 | 123 | 27/32 | 114 | 899s |
| dep | 47 | 0.41 | 0.93 | 278 | 107 | 25/32 | 106 | 1142s |
08:45 procs=2 | indep | 50 | 0.49 | 1.10 | 282 | 129 | 22/32 | 126 | 873s |
| dep | 48 | 0.38 | 0.88 | 280 | 113 | 25/32 | 96 | 511s |
09:01 procs=2 | indep | 50 | 0.49 | 1.10 | 282 | 129 | 22/32 | 126 | 873s |
| dep | 49 | 0.48 | 1.10 | 281 | 121 | 24/32 | 124 | 960s |
09:16 procs=2 | indep | 50 | 0.49 | 1.10 | 282 | 129 | 22/32 | 126 | 873s |
| dep | 50 | 0.49 | 1.15 | 282 | 127 | 22/32 | 125 | 803s |
09:31 procs=2 | indep | 51 | 0.36 | 0.81 | 282 | 132 | 28/32 | 91 | 1447s |
| dep | 50 | 0.49 | 1.15 | 282 | 127 | 22/32 | 125 | 803s |
09:46 procs=2 | indep | 52 | 0.63 | 1.39 | 286 | 139 | 23/32 | 162 | 1060s |
| dep | 50 | 0.49 | 1.15 | 282 | 127 | 22/32 | 125 | 803s |
10:01 procs=2 | indep | 52 | 0.63 | 1.39 | 286 | 139 | 23/32 | 162 | 1060s |
| dep | 51 | 0.37 | 0.87 | 284 | 130 | 26/32 | 95 | 1654s |
10:16 procs=2 | indep | 53 | 0.52 | 1.20 | 286 | 145 | 21/32 | 132 | 2277s |
| dep | 52 | 0.63 | 1.42 | 288 | 137 | 25/32 | 161 | 1105s |
10:31 procs=2 | indep | 55 | 0.53 | 1.14 | 288 | 157 | 30/32 | 136 | 355s |
| dep | 52 | 0.63 | 1.42 | 288 | 137 | 25/32 | 161 | 1105s |
10:46 procs=2 parse error: Expecting value: line 1 column 1 (char 0)
11:02 procs=2 parse error: Expecting value: line 1 column 1 (char 0)
11:17 procs=2 | indep | 1 | 0.70 | 1.64 | 26 | 0 | 14/32 | 179 | 1288s |
| dep | 1 | 0.71 | 1.78 | 24 | 0 | 12/32 | 181 | 1534s |
11:32 procs=2 | indep | 1 | 0.70 | 1.64 | 26 | 0 | 14/32 | 179 | 1288s |
| dep | 1 | 0.71 | 1.78 | 24 | 0 | 12/32 | 181 | 1534s |
11:47 procs=2 | indep | 1 | 0.70 | 1.64 | 26 | 0 | 14/32 | 179 | 1288s |
| dep | 1 | 0.71 | 1.78 | 24 | 0 | 12/32 | 181 | 1534s |
12:02 procs=2 | indep | 2 | 0.63 | 1.44 | 49 | 0 | 15/32 | 161 | 3428s |
| dep | 2 | 0.63 | 1.55 | 45 | 0 | 12/32 | 162 | 3406s |
12:17 procs=2 | indep | 2 | 0.63 | 1.44 | 49 | 0 | 15/32 | 161 | 3428s |
| dep | 2 | 0.63 | 1.55 | 45 | 0 | 12/32 | 162 | 3406s |
12:32 procs=2 | indep | 2 | 0.63 | 1.44 | 49 | 0 | 15/32 | 161 | 3428s |
| dep | 2 | 0.63 | 1.55 | 45 | 0 | 12/32 | 162 | 3406s |
12:48 procs=2 | indep | 2 | 0.63 | 1.44 | 49 | 0 | 15/32 | 161 | 3428s |
| dep | 2 | 0.63 | 1.55 | 45 | 0 | 12/32 | 162 | 3406s |
13:03 procs=2 parse error: Expecting value: line 1 column 1 (char 0)
13:18 procs=2 | indep | 1 | 0.73 | 1.74 | 6 | 0 | 3/32 | 47 | 467s |
| dep | 2 | 0.62 | 1.63 | 13 | 0 | 4/32 | 40 | 651s |
13:33 procs=2 | indep | 3 | 0.86 | 1.94 | 18 | 0 | 3/32 | 55 | 415s |
| dep | 3 | 0.77 | 1.97 | 19 | 0 | 4/32 | 49 | 355s |
13:50 procs=2 | indep | 4 | 0.52 | 1.32 | 22 | 0 | 3/32 | 33 | 935s |
| dep | 4 | 0.59 | 1.61 | 24 | 0 | 4/32 | 38 | 838s |
14:05 procs=2 | indep | 5 | 0.44 | 1.05 | 26 | 0 | 4/32 | 28 | 1286s |
| dep | 5 | 0.50 | 1.28 | 30 | 0 | 4/32 | 32 | 1253s |
14:20 procs=2 | indep | 6 | 0.75 | 1.69 | 33 | 0 | 4/32 | 48 | 579s |
| dep | 6 | 0.75 | 1.75 | 38 | 0 | 3/32 | 48 | 657s |
14:36 procs=2 | indep | 7 | 0.42 | 1.06 | 37 | 0 | 3/32 | 27 | 1261s |
| dep | 8 | 0.78 | 1.85 | 47 | 1 | 5/32 | 50 | 395s |
14:51 procs=2 | indep | 8 | 0.78 | 1.76 | 42 | 1 | 3/32 | 50 | 392s |
| dep | 9 | 0.52 | 1.62 | 51 | 1 | 1/32 | 33 | 948s |
15:06 procs=2 | indep | 9 | 0.53 | 1.36 | 46 | 1 | 2/32 | 34 | 998s |
| dep | 10 | 0.73 | 1.79 | 57 | 1 | 4/32 | 47 | 577s |
15:21 procs=2 | indep | 10 | 0.72 | 1.59 | 51 | 1 | 5/32 | 46 | 618s |
| dep | 10 | 0.73 | 1.79 | 57 | 1 | 4/32 | 47 | 577s |
15:36 procs=2 | indep | 10 | 0.72 | 1.59 | 51 | 1 | 5/32 | 46 | 618s |
| dep | 10 | 0.73 | 1.79 | 57 | 1 | 4/32 | 47 | 577s |
16:05 procs=2 | indep | 10 | 0.72 | 1.59 | 51 | 1 | 5/32 | 46 | 618s |
| dep | 10 | 0.73 | 1.79 | 57 | 1 | 4/32 | 47 | 577s |
16:20 procs=2 | indep | 11 | 0.78 | 1.71 | 58 | 1 | 4/32 | 50 | 354s |
| dep | 11 | 0.77 | 1.71 | 64 | 1 | 5/32 | 49 | 366s |
16:36 procs=2 | indep | 11 | 0.78 | 1.71 | 58 | 1 | 4/32 | 50 | 354s |
| dep | 12 | 0.52 | 1.27 | 68 | 1 | 5/32 | 33 | 1426s |
16:51 procs=2 | indep | 13 | 0.48 | 1.33 | 63 | 1 | 2/32 | 31 | 638s |
| dep | 13 | 0.56 | 1.66 | 72 | 1 | 2/32 | 36 | 577s |
17:06 procs=2 | indep | 14 | 0.52 | 1.21 | 67 | 1 | 3/32 | 33 | 1082s |
| dep | 15 | 0.62 | 1.55 | 82 | 1 | 3/32 | 40 | 320s |
17:21 procs=2 | indep | 15 | 0.62 | 1.47 | 74 | 1 | 4/32 | 40 | 363s |
| dep | 15 | 0.62 | 1.55 | 82 | 1 | 3/32 | 40 | 320s |
17:36 procs=2 | indep | 17 | 0.81 | 1.85 | 83 | 1 | 4/32 | 52 | 537s |
| dep | 17 | 0.81 | 1.95 | 90 | 1 | 5/32 | 52 | 788s |
17:51 procs=2 | indep | 18 | 0.53 | 1.34 | 88 | 1 | 3/32 | 34 | 660s |
| dep | 18 | 0.56 | 1.54 | 95 | 1 | 3/32 | 36 | 564s |
18:06 procs=2 | indep | 19 | 0.70 | 1.59 | 94 | 1 | 2/32 | 45 | 468s |
| dep | 19 | 0.64 | 1.69 | 101 | 1 | 2/32 | 41 | 520s |
18:22 procs=2 | indep | 20 | 0.41 | 1.06 | 97 | 1 | 3/32 | 26 | 885s |
| dep | 20 | 0.44 | 1.24 | 104 | 1 | 3/32 | 28 | 856s |
18:37 procs=2 | indep | 20 | 0.41 | 1.06 | 97 | 1 | 3/32 | 26 | 885s |
| dep | 20 | 0.44 | 1.24 | 104 | 1 | 3/32 | 28 | 856s |
18:52 procs=2 | indep | 20 | 0.41 | 1.06 | 97 | 1 | 3/32 | 26 | 885s |
| dep | 20 | 0.44 | 1.24 | 104 | 1 | 3/32 | 28 | 856s |
19:07 procs=2 | indep | 20 | 0.41 | 1.06 | 97 | 1 | 3/32 | 26 | 885s |
| dep | 20 | 0.44 | 1.24 | 104 | 1 | 3/32 | 28 | 856s |
19:22 procs=2 | indep | 20 | 0.41 | 1.06 | 97 | 1 | 3/32 | 26 | 885s |
| dep | 20 | 0.44 | 1.24 | 104 | 1 | 3/32 | 28 | 856s |
19:37 procs=2 | indep | 21 | 0.41 | 1.04 | 100 | 1 | 3/32 | 26 | 1306s |
| dep | 21 | 0.41 | 1.31 | 107 | 1 | 3/32 | 26 | 1318s |
19:52 procs=2 | indep | 22 | 0.58 | 1.45 | 103 | 1 | 2/32 | 37 | 493s |
| dep | 22 | 0.62 | 1.75 | 110 | 1 | 2/32 | 40 | 668s |
20:08 procs=2 | indep | 23 | 0.75 | 1.70 | 108 | 1 | 6/32 | 48 | 1259s |
| dep | 23 | 0.75 | 1.85 | 115 | 1 | 6/32 | 48 | 1253s |
20:23 procs=2 | indep | 24 | 0.69 | 1.56 | 112 | 2 | 3/32 | 44 | 584s |
| dep | 24 | 0.69 | 1.72 | 119 | 2 | 2/32 | 44 | 854s |
20:38 procs=2 | indep | 26 | 0.78 | 1.80 | 123 | 3 | 6/32 | 50 | 292s |
| dep | 25 | 0.75 | 1.80 | 124 | 3 | 2/32 | 48 | 668s |
20:53 procs=2 | indep | 28 | 0.61 | 1.44 | 132 | 3 | 4/32 | 39 | 422s |
| dep | 26 | 0.77 | 1.84 | 131 | 3 | 5/32 | 49 | 387s |
21:08 procs=2 | indep | 29 | 0.56 | 1.26 | 133 | 4 | 4/32 | 36 | 726s |
| dep | 28 | 0.69 | 1.69 | 141 | 3 | 4/32 | 44 | 501s |
21:33 procs=2 | indep | 30 | 0.61 | 1.46 | 137 | 4 | 3/32 | 39 | 345s |
| dep | 30 | 0.58 | 1.55 | 146 | 4 | 3/32 | 37 | 655s |
21:48 procs=2 | indep | 30 | 0.61 | 1.46 | 137 | 4 | 3/32 | 39 | 345s |
| dep | 30 | 0.58 | 1.55 | 146 | 4 | 3/32 | 37 | 655s |
22:07 procs=2 | indep | 30 | 0.61 | 1.46 | 137 | 4 | 3/32 | 39 | 345s |
| dep | 30 | 0.58 | 1.55 | 146 | 4 | 3/32 | 37 | 655s |
22:22 procs=2 | indep | 30 | 0.61 | 1.46 | 137 | 4 | 3/32 | 39 | 345s |
| dep | 30 | 0.58 | 1.55 | 146 | 4 | 3/32 | 37 | 655s |
22:37 procs=2 | indep | 31 | 0.77 | 1.76 | 141 | 4 | 3/32 | 49 | 1202s |
| dep | 30 | 0.58 | 1.55 | 146 | 4 | 3/32 | 37 | 655s |
22:52 procs=2 | indep | 33 | 0.84 | 1.85 | 153 | 6 | 3/32 | 54 | 410s |
| dep | 30 | 0.58 | 1.55 | 146 | 4 | 3/32 | 37 | 655s |
23:07 procs=2 | indep | 35 | 0.70 | 1.61 | 158 | 6 | 5/32 | 45 | 298s |
| dep | 32 | 0.53 | 1.44 | 154 | 5 | 2/32 | 34 | 407s |
23:22 procs=2 | indep | 35 | 0.70 | 1.61 | 158 | 6 | 5/32 | 45 | 298s |
| dep | 33 | 0.81 | 1.87 | 160 | 6 | 4/32 | 52 | 504s |
23:37 procs=2 | indep | 36 | 0.44 | 1.10 | 163 | 6 | 4/32 | 28 | 1163s |
| dep | 35 | 0.72 | 1.73 | 165 | 6 | 6/32 | 46 | 505s |
23:53 procs=2 | indep | 37 | 0.59 | 1.44 | 168 | 6 | 2/32 | 38 | 1191s |
| dep | 35 | 0.72 | 1.73 | 165 | 6 | 6/32 | 46 | 505s |
00:08 procs=2 | indep | 39 | 0.52 | 1.32 | 177 | 7 | 4/32 | 33 | 466s |
| dep | 36 | 0.44 | 1.17 | 170 | 6 | 4/32 | 28 | 1239s |
00:23 procs=2 | indep | 40 | 0.77 | 1.80 | 179 | 10 | 4/32 | 49 | 329s |
| dep | 37 | 0.56 | 1.62 | 174 | 6 | 2/32 | 36 | 1276s |
00:38 procs=2 | indep | 40 | 0.77 | 1.80 | 179 | 10 | 4/32 | 49 | 329s |
| dep | 39 | 0.53 | 1.52 | 181 | 7 | 2/32 | 34 | 464s |
00:53 procs=2 | indep | 40 | 0.77 | 1.80 | 179 | 10 | 4/32 | 49 | 329s |
| dep | 40 | 0.80 | 1.96 | 184 | 10 | 4/32 | 51 | 283s |
01:08 procs=2 | indep | 40 | 0.77 | 1.80 | 179 | 10 | 4/32 | 49 | 329s |
| dep | 40 | 0.80 | 1.96 | 184 | 10 | 4/32 | 51 | 283s |
01:23 procs=2 | indep | 41 | 0.62 | 1.47 | 182 | 10 | 4/32 | 40 | 413s |
| dep | 40 | 0.80 | 1.96 | 184 | 10 | 4/32 | 51 | 283s |
01:39 procs=2 | indep | 42 | 0.61 | 1.38 | 186 | 10 | 3/32 | 39 | 965s |
| dep | 40 | 0.80 | 1.96 | 184 | 10 | 4/32 | 51 | 283s |
01:54 procs=2 | indep | 44 | 0.44 | 1.18 | 194 | 11 | 3/32 | 28 | 400s |
| dep | 41 | 0.62 | 1.69 | 188 | 10 | 3/32 | 40 | 626s |
02:09 procs=2 | indep | 45 | 0.73 | 1.62 | 197 | 12 | 4/32 | 47 | 1131s |
| dep | 43 | 0.77 | 1.71 | 196 | 10 | 4/32 | 49 | 275s |
02:24 procs=2 | indep | 46 | 0.59 | 1.44 | 200 | 13 | 2/32 | 38 | 708s |
| dep | 44 | 0.52 | 1.54 | 200 | 10 | 3/32 | 33 | 457s |
02:39 procs=2 | indep | 47 | 0.69 | 1.57 | 204 | 13 | 4/32 | 44 | 445s |
| dep | 45 | 0.75 | 1.69 | 203 | 11 | 3/32 | 48 | 874s |
02:54 procs=2 | indep | 48 | 0.61 | 1.40 | 205 | 14 | 4/32 | 39 | 1320s |
| dep | 46 | 0.66 | 1.73 | 206 | 12 | 1/32 | 42 | 623s |
03:09 procs=2 | indep | 49 | 0.75 | 1.67 | 209 | 15 | 4/32 | 48 | 1056s |
| dep | 47 | 0.69 | 1.73 | 210 | 12 | 4/32 | 44 | 984s |
03:25 procs=2 | indep | 50 | 0.56 | 1.34 | 215 | 15 | 2/32 | 36 | 609s |
| dep | 48 | 0.69 | 1.70 | 211 | 13 | 4/32 | 44 | 1186s |
03:40 procs=2 | indep | 50 | 0.56 | 1.34 | 215 | 15 | 2/32 | 36 | 609s |
| dep | 49 | 0.75 | 1.76 | 215 | 14 | 3/32 | 48 | 1135s |
03:55 procs=2 | indep | 50 | 0.56 | 1.34 | 215 | 15 | 2/32 | 36 | 609s |
| dep | 50 | 0.55 | 1.47 | 220 | 14 | 2/32 | 35 | 578s |
04:10 procs=2 | indep | 50 | 0.56 | 1.34 | 215 | 15 | 2/32 | 36 | 609s |
| dep | 50 | 0.55 | 1.47 | 220 | 14 | 2/32 | 35 | 578s |
04:25 procs=2 | indep | 50 | 0.56 | 1.34 | 215 | 15 | 2/32 | 36 | 609s |
| dep | 50 | 0.55 | 1.47 | 220 | 14 | 2/32 | 35 | 578s |
04:40 procs=2 | indep | 51 | 0.38 | 0.98 | 218 | 16 | 2/32 | 24 | 1213s |
| dep | 50 | 0.55 | 1.47 | 220 | 14 | 2/32 | 35 | 578s |
04:55 procs=2 | indep | 52 | 0.59 | 1.42 | 221 | 16 | 5/32 | 38 | 911s |
| dep | 50 | 0.55 | 1.47 | 220 | 14 | 2/32 | 35 | 578s |
05:11 procs=2 | indep | 53 | 0.55 | 1.32 | 222 | 16 | 4/32 | 35 | 958s |
| dep | 50 | 0.55 | 1.47 | 220 | 14 | 2/32 | 35 | 578s |
05:26 procs=2 | indep | 54 | 0.38 | 1.02 | 225 | 16 | 3/32 | 24 | 854s |
| dep | 51 | 0.39 | 1.20 | 222 | 16 | 3/32 | 25 | 1073s |
05:41 procs=2 | indep | 55 | 0.66 | 1.57 | 229 | 16 | 3/32 | 42 | 540s |
| dep | 52 | 0.62 | 1.55 | 225 | 16 | 4/32 | 40 | 922s |
05:56 procs=2 | indep | 56 | 0.42 | 1.22 | 229 | 17 | 3/32 | 27 | 918s |
| dep | 53 | 0.48 | 1.38 | 226 | 16 | 4/32 | 31 | 1106s |
06:11 procs=2 | indep | 58 | 0.67 | 1.51 | 237 | 19 | 5/32 | 43 | 646s |
| dep | 55 | 0.67 | 1.69 | 233 | 16 | 3/32 | 43 | 652s |
06:26 procs=2 | indep | 59 | 0.77 | 1.69 | 239 | 20 | 4/32 | 49 | 889s |
| dep | 56 | 0.44 | 1.63 | 234 | 17 | 3/32 | 28 | 946s |
06:41 procs=2 | indep | 60 | 0.73 | 1.76 | 242 | 21 | 5/32 | 47 | 419s |
| dep | 57 | 0.72 | 1.83 | 237 | 19 | 5/32 | 46 | 441s |
06:56 procs=2 | indep | 60 | 0.73 | 1.76 | 242 | 21 | 5/32 | 47 | 419s |
| dep | 59 | 0.81 | 1.80 | 244 | 20 | 4/32 | 52 | 734s |
07:12 procs=2 | indep | 60 | 0.73 | 1.76 | 242 | 21 | 5/32 | 47 | 419s |
| dep | 60 | 0.64 | 1.68 | 247 | 21 | 3/32 | 41 | 761s |
07:27 procs=2 | indep | 60 | 0.73 | 1.76 | 242 | 21 | 5/32 | 47 | 419s |
| dep | 60 | 0.64 | 1.68 | 247 | 21 | 3/32 | 41 | 761s |
07:42 procs=2 | indep | 60 | 0.73 | 1.76 | 242 | 21 | 5/32 | 47 | 419s |
| dep | 60 | 0.64 | 1.68 | 247 | 21 | 3/32 | 41 | 761s |
07:57 procs=2 | indep | 62 | 0.50 | 1.33 | 249 | 23 | 2/32 | 32 | 460s |
| dep | 60 | 0.64 | 1.68 | 247 | 21 | 3/32 | 41 | 761s |
08:12 procs=2 | indep | 63 | 0.52 | 1.25 | 251 | 24 | 2/32 | 33 | 738s |
| dep | 60 | 0.64 | 1.68 | 247 | 21 | 3/32 | 41 | 761s |
08:27 procs=2 | indep | 65 | 0.81 | 1.80 | 260 | 25 | 5/32 | 52 | 450s |
| dep | 60 | 0.64 | 1.68 | 247 | 21 | 3/32 | 41 | 761s |
08:42 procs=2 | indep | 67 | 0.64 | 1.45 | 267 | 25 | 5/32 | 41 | 638s |
| dep | 62 | 0.50 | 1.45 | 254 | 23 | 2/32 | 32 | 496s |
08:58 procs=2 | indep | 68 | 0.62 | 1.43 | 270 | 25 | 3/32 | 40 | 631s |
| dep | 62 | 0.50 | 1.45 | 254 | 23 | 2/32 | 32 | 496s |
09:13 procs=2 | indep | 70 | 0.80 | 1.83 | 280 | 27 | 3/32 | 51 | 624s |
| dep | 64 | 0.70 | 1.61 | 260 | 24 | 6/32 | 45 | 625s |
09:28 procs=2 | indep | 70 | 0.80 | 1.83 | 280 | 27 | 3/32 | 51 | 624s |
| dep | 66 | 0.75 | 1.78 | 268 | 25 | 6/32 | 48 | 435s |
09:43 procs=2 | indep | 70 | 0.80 | 1.83 | 280 | 27 | 3/32 | 51 | 624s |
| dep | 67 | 0.66 | 1.58 | 272 | 26 | 5/32 | 42 | 695s |
09:58 procs=2 | indep | 70 | 0.80 | 1.83 | 280 | 27 | 3/32 | 51 | 624s |
| dep | 68 | 0.64 | 1.52 | 275 | 26 | 4/32 | 41 | 783s |
10:13 procs=2 | indep | 70 | 0.80 | 1.83 | 280 | 27 | 3/32 | 51 | 624s |
| dep | 70 | 0.72 | 1.85 | 283 | 28 | 5/32 | 46 | 425s |
10:28 procs=2 | indep | 70 | 0.80 | 1.83 | 280 | 27 | 3/32 | 51 | 624s |
| dep | 70 | 0.72 | 1.85 | 283 | 28 | 5/32 | 46 | 425s |
10:44 procs=2 | indep | 70 | 0.80 | 1.83 | 280 | 27 | 3/32 | 51 | 624s |
| dep | 70 | 0.72 | 1.85 | 283 | 28 | 5/32 | 46 | 425s |
11:58 procs=2 | indep | 76 | 0.44 | 1.13 | 293 | 35 | 3/32 | 28 | 1045s |
| dep | 71 | 0.66 | 1.90 | 284 | 30 | 2/32 | 42 | 1502s |
12:13 procs=2 | indep | 77 | 0.55 | 1.36 | 297 | 35 | 2/32 | 35 | 1039s |
| dep | 72 | 0.69 | 1.67 | 287 | 33 | 5/32 | 44 | 598s |
12:28 procs=2 | indep | 77 | 0.55 | 1.36 | 297 | 35 | 2/32 | 35 | 1039s |
| dep | 73 | 0.64 | 1.68 | 288 | 34 | 4/32 | 41 | 1318s |
12:44 procs=2 | indep | 79 | 0.44 | 1.26 | 302 | 36 | 1/32 | 28 | 471s |
| dep | 75 | 0.78 | 1.76 | 295 | 36 | 5/32 | 50 | 538s |
12:59 procs=2 | indep | 80 | 0.16 | 0.68 | 304 | 36 | 1/32 | 10 | 1020s |
| dep | 76 | 0.53 | 1.35 | 297 | 36 | 2/32 | 34 | 909s |
13:14 procs=2 | indep | 80 | 0.16 | 0.68 | 304 | 36 | 1/32 | 10 | 1020s |
| dep | 76 | 0.53 | 1.35 | 297 | 36 | 2/32 | 34 | 909s |
13:29 procs=2 | indep | 80 | 0.16 | 0.68 | 304 | 36 | 1/32 | 10 | 1020s |
| dep | 77 | 0.55 | 1.55 | 302 | 36 | 1/32 | 35 | 1709s |
13:44 procs=2 | indep | 80 | 0.16 | 0.68 | 304 | 36 | 1/32 | 10 | 1020s |
| dep | 78 | 0.61 | 1.56 | 303 | 37 | 4/32 | 39 | 1069s |
13:59 procs=2 | indep | 80 | 0.16 | 0.68 | 304 | 36 | 1/32 | 10 | 1020s |
| dep | 79 | 0.53 | 1.60 | 306 | 37 | 3/32 | 34 | 859s |
14:14 procs=2 | indep | 80 | 0.16 | 0.68 | 304 | 36 | 1/32 | 10 | 1020s |
| dep | 79 | 0.53 | 1.60 | 306 | 37 | 3/32 | 34 | 859s |
14:29 procs=2 | indep | 80 | 0.16 | 0.68 | 304 | 36 | 1/32 | 10 | 1020s |
| dep | 79 | 0.53 | 1.60 | 306 | 37 | 3/32 | 34 | 859s |
14:45 procs=2 | indep | 80 | 0.16 | 0.68 | 304 | 36 | 1/32 | 10 | 1020s |
| dep | 79 | 0.53 | 1.60 | 306 | 37 | 3/32 | 34 | 859s |
16:07 procs=2 | indep | 82 | 0.45 | 1.21 | 308 | 39 | 3/32 | 29 | 1953s |
| dep | 80 | 0.27 | 1.15 | 308 | 37 | 3/32 | 17 | 3421s |
16:39 procs=2 | indep | 83 | 0.67 | 1.49 | 310 | 40 | 5/32 | 43 | 2012s |
| dep | 80 | 0.27 | 1.15 | 308 | 37 | 3/32 | 17 | 3421s |
17:02 procs=2 | indep | 83 | 0.67 | 1.49 | 310 | 40 | 5/32 | 43 | 2012s |
| dep | 80 | 0.27 | 1.15 | 308 | 37 | 3/32 | 17 | 3421s |
17:17 procs=2 | indep | 84 | 0.75 | 1.72 | 313 | 41 | 4/32 | 48 | 1983s |
| dep | 80 | 0.27 | 1.15 | 308 | 37 | 3/32 | 17 | 3421s |
17:40 procs=2 | indep | 85 | 0.70 | 1.61 | 316 | 42 | 5/32 | 45 | 1506s |
| dep | 80 | 0.27 | 1.15 | 308 | 37 | 3/32 | 17 | 3421s |
17:56 procs=2 | indep | 86 | 0.77 | 1.76 | 316 | 43 | 4/32 | 49 | 1158s |
| dep | 80 | 0.27 | 1.15 | 308 | 37 | 3/32 | 17 | 3421s |
18:11 procs=2 | indep | 86 | 0.77 | 1.76 | 316 | 43 | 4/32 | 49 | 1158s |
| dep | 80 | 0.27 | 1.15 | 308 | 37 | 3/32 | 17 | 3421s |
19:05 procs=2 | indep | 87 | 0.61 | 1.49 | 319 | 43 | 3/32 | 39 | 2795s |
| dep | 80 | 0.27 | 1.15 | 308 | 37 | 3/32 | 17 | 3421s |
19:46 procs=2 | indep | 88 | 0.64 | 1.53 | 322 | 44 | 3/32 | 41 | 2782s |
| dep | 80 | 0.27 | 1.15 | 308 | 37 | 3/32 | 17 | 3421s |
20:01 procs=2 | indep | 88 | 0.64 | 1.53 | 322 | 44 | 3/32 | 41 | 2782s |
| dep | 80 | 0.27 | 1.15 | 308 | 37 | 3/32 | 17 | 3421s |
20:17 procs=2 | indep | 88 | 0.64 | 1.53 | 322 | 44 | 3/32 | 41 | 2782s |
| dep | 81 | 0.64 | 1.57 | 310 | 39 | 2/32 | 41 | 2947s |
20:32 procs=2 | indep | 89 | 0.50 | 1.18 | 326 | 44 | 3/32 | 32 | 3307s |
| dep | 81 | 0.64 | 1.57 | 310 | 39 | 2/32 | 41 | 2947s |
20:47 procs=2 | indep | 89 | 0.50 | 1.18 | 326 | 44 | 3/32 | 32 | 3307s |
| dep | 82 | 0.45 | 1.45 | 312 | 40 | 2/32 | 29 | 2312s |
21:02 procs=2 | indep | 90 | 0.73 | 1.65 | 328 | 45 | 5/32 | 47 | 1812s |
| dep | 82 | 0.45 | 1.45 | 312 | 40 | 2/32 | 29 | 2312s |
21:24 procs=2 | indep | 90 | 0.73 | 1.65 | 328 | 45 | 5/32 | 47 | 1812s |
| dep | 82 | 0.45 | 1.45 | 312 | 40 | 2/32 | 29 | 2312s |
21:39 procs=2 | indep | 90 | 0.73 | 1.65 | 328 | 45 | 5/32 | 47 | 1812s |
| dep | 82 | 0.45 | 1.45 | 312 | 40 | 2/32 | 29 | 2312s |
22:25 procs=2 | indep | 90 | 0.73 | 1.65 | 328 | 45 | 5/32 | 47 | 1812s |
| dep | 85 | 0.70 | 1.64 | 319 | 43 | 5/32 | 45 | 757s |
22:59 procs=2 | indep | 90 | 0.73 | 1.65 | 328 | 45 | 5/32 | 47 | 1812s |
| dep | 86 | 0.81 | 1.95 | 319 | 44 | 4/32 | 52 | 686s |
23:14 procs=2 | indep | 90 | 0.73 | 1.65 | 328 | 45 | 5/32 | 47 | 1812s |
| dep | 87 | 0.69 | 1.80 | 324 | 44 | 3/32 | 44 | 1966s |
23:29 procs=2 | indep | 90 | 0.73 | 1.65 | 328 | 45 | 5/32 | 47 | 1812s |
| dep | 87 | 0.69 | 1.80 | 324 | 44 | 3/32 | 44 | 1966s |
00:02 procs=2 | indep | 92 | 0.88 | 1.98 | 331 | 47 | 5/32 | 56 | 536s |
| dep | 88 | 0.62 | 1.64 | 327 | 45 | 4/32 | 40 | 2046s |
00:49 procs=2 | indep | 94 | 0.69 | 1.60 | 336 | 48 | 4/32 | 44 | 2386s |
| dep | 90 | 0.69 | 1.65 | 332 | 46 | 4/32 | 44 | 1239s |
01:04 procs=2 | indep | 94 | 0.69 | 1.60 | 336 | 48 | 4/32 | 44 | 2386s |
| dep | 90 | 0.69 | 1.65 | 332 | 46 | 4/32 | 44 | 1239s |
01:19 procs=2 | indep | 95 | 0.66 | 1.63 | 338 | 49 | 2/32 | 42 | 1542s |
| dep | 90 | 0.69 | 1.65 | 332 | 46 | 4/32 | 44 | 1239s |
01:35 procs=2 | indep | 95 | 0.66 | 1.63 | 338 | 49 | 2/32 | 42 | 1542s |
| dep | 90 | 0.69 | 1.65 | 332 | 46 | 4/32 | 44 | 1239s |
01:50 procs=2 | indep | 97 | 0.69 | 1.60 | 347 | 51 | 4/32 | 44 | 534s |
| dep | 90 | 0.69 | 1.65 | 332 | 46 | 4/32 | 44 | 1239s |
02:05 procs=2 | indep | 98 | 0.67 | 1.58 | 350 | 53 | 3/32 | 43 | 983s |
| dep | 90 | 0.69 | 1.65 | 332 | 46 | 4/32 | 44 | 1239s |
02:20 procs=2 | indep | 99 | 0.77 | 1.70 | 353 | 54 | 3/32 | 49 | 816s |
| dep | 90 | 0.69 | 1.65 | 332 | 46 | 4/32 | 44 | 1239s |
02:35 procs=2 | indep | 100 | 0.62 | 1.49 | 355 | 55 | 4/32 | 40 | 789s |
| dep | 90 | 0.69 | 1.65 | 332 | 46 | 4/32 | 44 | 1239s |
02:50 procs=2 | indep | 100 | 0.62 | 1.49 | 355 | 55 | 4/32 | 40 | 789s |
| dep | 90 | 0.69 | 1.65 | 332 | 46 | 4/32 | 44 | 1239s |
03:05 procs=2 | indep | 100 | 0.62 | 1.49 | 355 | 55 | 4/32 | 40 | 789s |
| dep | 90 | 0.69 | 1.65 | 332 | 46 | 4/32 | 44 | 1239s |
03:21 procs=2 | indep | 100 | 0.62 | 1.49 | 355 | 55 | 4/32 | 40 | 789s |
| dep | 90 | 0.69 | 1.65 | 332 | 46 | 4/32 | 44 | 1239s |
03:36 procs=2 | indep | 100 | 0.62 | 1.49 | 355 | 55 | 4/32 | 40 | 789s |
| dep | 91 | 0.75 | 1.74 | 333 | 49 | 5/32 | 48 | 2770s |
03:51 procs=2 | indep | 100 | 0.62 | 1.49 | 355 | 55 | 4/32 | 40 | 789s |
| dep | 93 | 0.66 | 1.62 | 338 | 50 | 3/32 | 42 | 620s |
04:06 procs=2 | indep | 100 | 0.62 | 1.49 | 355 | 55 | 4/32 | 40 | 789s |
| dep | 93 | 0.66 | 1.62 | 338 | 50 | 3/32 | 42 | 620s |
04:21 procs=2 | indep | 100 | 0.62 | 1.49 | 355 | 55 | 4/32 | 40 | 789s |
| dep | 94 | 0.72 | 1.79 | 340 | 50 | 4/32 | 46 | 1956s |
04:36 procs=2 | indep | 101 | 0.89 | 1.94 | 357 | 57 | 6/32 | 57 | 488s |
| dep | 94 | 0.72 | 1.79 | 340 | 50 | 4/32 | 46 | 1956s |
04:51 procs=2 | indep | 102 | 0.72 | 1.55 | 360 | 58 | 6/32 | 46 | 1246s |
| dep | 95 | 0.78 | 1.93 | 342 | 51 | 3/32 | 50 | 1681s |
05:06 procs=2 | indep | 102 | 0.72 | 1.55 | 360 | 58 | 6/32 | 46 | 1246s |
| dep | 95 | 0.78 | 1.93 | 342 | 51 | 3/32 | 50 | 1681s |
05:22 procs=2 | indep | 103 | 0.45 | 1.13 | 363 | 60 | 4/32 | 29 | 1711s |
| dep | 96 | 0.62 | 1.78 | 346 | 51 | 4/32 | 40 | 1703s |
05:37 procs=2 | indep | 103 | 0.45 | 1.13 | 363 | 60 | 4/32 | 29 | 1711s |
| dep | 97 | 0.73 | 1.77 | 351 | 53 | 4/32 | 47 | 1157s |
05:52 procs=2 | indep | 104 | 0.72 | 1.66 | 364 | 62 | 4/32 | 46 | 1654s |
| dep | 97 | 0.73 | 1.77 | 351 | 53 | 4/32 | 47 | 1157s |
06:07 procs=2 | indep | 104 | 0.72 | 1.66 | 364 | 62 | 4/32 | 46 | 1654s |
| dep | 99 | 0.81 | 1.81 | 357 | 56 | 4/32 | 52 | 646s |
06:22 procs=2 | indep | 105 | 0.47 | 1.21 | 365 | 65 | 1/32 | 30 | 1439s |
| dep | 100 | 0.62 | 1.62 | 359 | 57 | 5/32 | 40 | 925s |
06:37 procs=2 | indep | 106 | 0.28 | 0.89 | 367 | 66 | 3/32 | 18 | 1545s |
| dep | 100 | 0.62 | 1.62 | 359 | 57 | 5/32 | 40 | 925s |
06:52 procs=2 | indep | 106 | 0.28 | 0.89 | 367 | 66 | 3/32 | 18 | 1545s |
| dep | 100 | 0.62 | 1.62 | 359 | 57 | 5/32 | 40 | 925s |
07:08 procs=2 | indep | 106 | 0.28 | 0.89 | 367 | 66 | 3/32 | 18 | 1545s |
| dep | 100 | 0.62 | 1.62 | 359 | 57 | 5/32 | 40 | 925s |
07:23 procs=2 | indep | 107 | 0.33 | 0.94 | 368 | 66 | 2/32 | 21 | 2031s |
| dep | 100 | 0.62 | 1.62 | 359 | 57 | 5/32 | 40 | 925s |
07:38 procs=2 | indep | 108 | 0.66 | 1.53 | 370 | 67 | 5/32 | 42 | 1452s |
| dep | 100 | 0.62 | 1.62 | 359 | 57 | 5/32 | 40 | 925s |
07:53 procs=2 | indep | 109 | 0.58 | 1.42 | 374 | 68 | 6/32 | 37 | 912s |
| dep | 100 | 0.62 | 1.62 | 359 | 57 | 5/32 | 40 | 925s |
08:08 procs=2 | indep | 109 | 0.58 | 1.42 | 374 | 68 | 6/32 | 37 | 912s |
| dep | 100 | 0.62 | 1.62 | 359 | 57 | 5/32 | 40 | 925s |
08:23 procs=2 | indep | 110 | 0.56 | 1.37 | 376 | 70 | 2/32 | 36 | 1444s |
| dep | 100 | 0.62 | 1.62 | 359 | 57 | 5/32 | 40 | 925s |
08:38 procs=2 | indep | 110 | 0.56 | 1.37 | 376 | 70 | 2/32 | 36 | 1444s |
| dep | 101 | 0.84 | 1.90 | 361 | 59 | 6/32 | 54 | 857s |
08:54 procs=2 | indep | 110 | 0.56 | 1.37 | 376 | 70 | 2/32 | 36 | 1444s |
| dep | 101 | 0.84 | 1.90 | 361 | 59 | 6/32 | 54 | 857s |
09:09 procs=2 | indep | 110 | 0.56 | 1.37 | 376 | 70 | 2/32 | 36 | 1444s |
| dep | 102 | 0.75 | 1.62 | 364 | 60 | 7/32 | 48 | 1719s |
09:38 SSH FAILED
10:15 procs=2 | indep | 110 | 0.56 | 1.37 | 376 | 70 | 2/32 | 36 | 1444s |
| dep | 104 | 0.62 | 1.70 | 369 | 65 | 2/32 | 40 | 1872s |
10:31 procs=2 | indep | 111 | 0.39 | 1.05 | 376 | 70 | 1/32 | 25 | 1692s |
| dep | 105 | 0.61 | 1.65 | 370 | 68 | 3/32 | 39 | 1932s |
10:46 procs=2 | indep | 112 | 0.91 | 1.99 | 379 | 72 | 5/32 | 58 | 664s |
| dep | 106 | 0.41 | 1.27 | 371 | 69 | 1/32 | 26 | 1026s |
11:01 procs=2 | indep | 113 | 0.70 | 1.66 | 379 | 73 | 3/32 | 45 | 1033s |
| dep | 107 | 0.31 | 1.09 | 372 | 69 | 2/32 | 20 | 1216s |
11:16 procs=2 | indep | 115 | 0.91 | 2.00 | 381 | 75 | 4/32 | 58 | 377s |
| dep | 108 | 0.66 | 1.65 | 374 | 70 | 5/32 | 42 | 748s |
11:31 procs=2 | indep | 116 | 0.53 | 1.25 | 383 | 75 | 4/32 | 34 | 1110s |
| dep | 109 | 0.70 | 1.75 | 379 | 71 | 5/32 | 45 | 737s |
11:46 procs=2 | indep | 117 | 0.50 | 1.32 | 385 | 76 | 3/32 | 32 | 917s |
| dep | 110 | 0.53 | 1.65 | 382 | 73 | 2/32 | 34 | 1279s |
12:19 procs=2 | indep | 120 | 0.50 | 1.18 | 388 | 82 | 1/32 | 32 | 611s |
| dep | 110 | 0.53 | 1.65 | 382 | 73 | 2/32 | 34 | 1279s |
13:24 procs=2 | indep | 120 | 0.50 | 1.18 | 388 | 82 | 1/32 | 32 | 611s |
| dep | 111 | 0.42 | 1.25 | 382 | 73 | 2/32 | 27 | 896s |
13:39 procs=2 | indep | 121 | 0.77 | 1.73 | 391 | 82 | 3/32 | 49 | 483s |
| dep | 112 | 0.98 | 2.16 | 385 | 75 | 5/32 | 63 | 565s |
13:54 procs=2 | indep | 121 | 0.77 | 1.73 | 391 | 82 | 3/32 | 49 | 483s |
| dep | 113 | 0.73 | 1.77 | 385 | 76 | 5/32 | 47 | 1103s |
14:09 procs=2 | indep | 123 | 0.89 | 1.96 | 394 | 85 | 7/32 | 57 | 499s |
| dep | 115 | 0.98 | 2.16 | 388 | 78 | 5/32 | 63 | 211s |
15:19 procs=2 | indep | 128 | 0.86 | 1.92 | 402 | 91 | 2/32 | 55 | 459s |
| dep | 119 | 0.80 | 1.90 | 392 | 84 | 4/32 | 51 | 463s |
15:34 procs=2 | indep | 129 | 0.38 | 0.95 | 403 | 92 | 4/32 | 24 | 972s |
| dep | 119 | 0.80 | 1.90 | 392 | 84 | 4/32 | 51 | 463s |
15:49 procs=2 | indep | 129 | 0.38 | 0.95 | 403 | 92 | 4/32 | 24 | 972s |
| dep | 120 | 0.45 | 1.29 | 394 | 85 | 2/32 | 29 | 1391s |
16:04 procs=2 | indep | 130 | 0.45 | 1.26 | 404 | 92 | 3/32 | 29 | 1241s |
| dep | 120 | 0.45 | 1.29 | 394 | 85 | 2/32 | 29 | 1391s |
18:13 SSH FAILED
18:31 SSH FAILED
23:00 procs=2 | indep | 150 | 0.61 | 1.48 | 426 | 128 | 3/32 | 39 | 618s |
| dep | 138 | 0.73 | 1.77 | 416 | 112 | 4/32 | 47 | 639s |
